Microchip MPLAB XC8 Compiler V2.45

Linker command line:

-W-3 --edf=/Applications/microchip/xc8/v2.45/pic/dat/20230818022343_en.msgs \
  -cn -h+dist/default/production/TP3d_cesar.X.production.sym \
  --cmf=dist/default/production/TP3d_cesar.X.production.cmf -z -Q16LF1719 \
  -o/tmp/xcuca7kBO/driver_tmp_3.o --defsym=__MPLAB_BUILD=1 \
  --fixupoverflow=error \
  -Mdist/default/production/TP3d_cesar.X.production.map \
  --md=/tmp/xcuca7kBO/driver_tmp_0.dat -E1 -ver=XC8 Compiler --acfsm=1493 \
  -ACODE=00h-07FFhx8 -ASTRCODE=00h-03FFFh -ASTRING=00h-0FFhx64 \
  -ACONST=00h-0FFhx64 -AENTRY=00h-0FFhx64 -ACOMMON=070h-07Fh \
  -ABANK0=020h-06Fh -ABANK1=0A0h-0EFh -ABANK2=0120h-016Fh \
  -ABANK3=01A0h-01EFh -ABANK4=0220h-026Fh -ABANK5=02A0h-02EFh \
  -ABANK6=0320h-036Fh -ABANK7=03A0h-03EFh -ABANK8=0420h-046Fh \
  -ABANK9=04A0h-04EFh -ABANK10=0520h-056Fh -ABANK11=05A0h-05EFh \
  -ABANK12=0620h-066Fh -ABANK13=06A0h-06EFh -ABANK14=0720h-076Fh \
  -ABANK15=07A0h-07EFh -ABANK16=0820h-086Fh -ABANK17=08A0h-08EFh \
  -ABANK18=0920h-096Fh -ABANK19=09A0h-09EFh -ABANK20=0A20h-0A6Fh \
  -ABANK21=0AA0h-0AEFh -ABANK22=0B20h-0B6Fh -ABANK23=0BA0h-0BEFh \
  -ABANK24=0C20h-0C6Fh -ABANK25=0CA0h-0CBFh -ABIGRAM=02000h-027EFh \
  -ARAM=020h-06Fh,0A0h-0EFh,0120h-016Fh,01A0h-01EFh,0220h-026Fh,02A0h-02EFh,0320h-036Fh,03A0h-03EFh,0420h-046Fh,04A0h-04EFh,0520h-056Fh,05A0h-05EFh,0620h-066Fh,06A0h-06EFh,0720h-076Fh,07A0h-07EFh,0820h-086Fh,08A0h-08EFh,0920h-096Fh,09A0h-09EFh,0A20h-0A6Fh,0AA0h-0AEFh,0B20h-0B6Fh,0BA0h-0BEFh,0C20h-0C6Fh,0CA0h-0CBFh \
  -AABS1=020h-07Fh,0A0h-0EFh,0120h-016Fh,01A0h-01EFh,0220h-026Fh,02A0h-02EFh,0320h-036Fh,03A0h-03EFh,0420h-046Fh,04A0h-04EFh,0520h-056Fh,05A0h-05EFh,0620h-066Fh,06A0h-06EFh,0720h-076Fh,07A0h-07EFh,0820h-086Fh,08A0h-08EFh,0920h-096Fh,09A0h-09EFh,0A20h-0A6Fh,0AA0h-0AEFh,0B20h-0B6Fh,0BA0h-0BEFh,0C20h-0C6Fh,0CA0h-0CBFh \
  -ASFR0=00h-01Fh -ASFR1=080h-09Fh -ASFR2=0100h-011Fh -ASFR3=0180h-019Fh \
  -ASFR4=0200h-021Fh -ASFR5=0280h-029Fh -ASFR6=0300h-031Fh \
  -ASFR7=0380h-039Fh -ASFR8=0400h-041Fh -ASFR9=0480h-049Fh \
  -ASFR10=0500h-051Fh -ASFR11=0580h-059Fh -ASFR12=0600h-061Fh \
  -ASFR13=0680h-069Fh -ASFR14=0700h-071Fh -ASFR15=0780h-079Fh \
  -ASFR16=0800h-081Fh -ASFR17=0880h-089Fh -ASFR18=0900h-091Fh \
  -ASFR19=0980h-099Fh -ASFR20=0A00h-0A1Fh -ASFR21=0A80h-0A9Fh \
  -ASFR22=0B00h-0B1Fh -ASFR23=0B80h-0B9Fh -ASFR24=0C00h-0C1Fh \
  -ASFR25=0C80h-0C9Fh -ASFR26=0D00h-0D6Fh -ASFR27=0D80h-0DEFh \
  -ASFR28=0E00h-0E6Fh -ASFR29=0E80h-0EEFh -ASFR30=0F00h-0F6Fh \
  -ASFR31=0F80h-0FEFh -ACONFIG=08007h-08008h -DCONFIG=2 \
  -AIDLOC=08000h-08003h -DIDLOC=2 -DCODE=2 -DSTRCODE=2 -DSTRING=2 -DCONST=2 \
  -DENTRY=2 -preset_vec=00h,intentry=04h,init,end_init -ppowerup=CODE \
  -pcinit=CODE -pfunctab=ENTRY -k /tmp/xcuca7kBO/driver_tmp_17.o \
  dist/default/production/TP3d_cesar.X.production.o 

Object code version is 3.11

Machine type is 16LF1719



                Name                               Link     Load   Length Selector   Space Scale
/tmp/xcuca7kBO/driver_tmp_17.o
                end_init                             18       18        2        8       0
                reset_vec                             0        0        2        0       0
                config                             8007     8007        2        0       4
dist/default/production/TP3d_cesar.X.production.o
                cinit                                1A       1A       20        8       0
                intentry                              4        4       14        8       0
                config                             8007     8007        2        0       4
                text27                              458      458        E        8       0
                text26                              435      435       12        8       0
                text25                              421      421       14        8       0
                text24                              3B6      3B6       1E        8       0
                text23                              471      471        A        8       0
                text22                              40D      40D       14        8       0
                text21                              3D4      3D4       1D        8       0
                text20                              126      126       60        8       0
                text19                              233      233       53        8       0
                text18                              300      300       2B        8       0
                text17                              482      482        7        8       0
                text16                              48F      48F        6        8       0
                text15                              186      186       58        8       0
                text14                              495      495        5        8       0
                text13                              47B      47B        7        8       0
                text12                              376      376       21        8       0
                text11                              32B      32B       29        8       0
                text10                              466      466        B        8       0
                text9                               49A      49A        4        8       0
                text8                               397      397       1F        8       0
                text7                               447      447       11        8       0
                text6                               4A4      4A4        1      948       0
                text5                               1DE      1DE       55        8       0
                text4                                3A       3A       EC        8       0
                text3                               3F1      3F1       1C        8       0
                text2                               354      354       22        8       0
                text1                               2CF      2CF       31        8       0
                maintext                            286      286       49        8       0
                cstackBANK0                          20       20       2D       20       1
                cstackCOMMON                         70       70        E       70       1
                clrtext                             489      489        6        8       0
                bssBANK1                             A0       A0       20       A0       1
                dataBANK0                            54       54        3       20       1
                bssBANK0                             4D       4D        7       20       1
                stringtext1                         4A1      4A1        3      942       0
                idataBANK0                          49E      49E        3        8       0

TOTAL           Name                               Link     Load   Length     Space
        CLASS   CODE           
                end_init                             18       18        2         0
                cinit                                1A       1A       20         0
                intentry                              4        4       14         0
                reset_vec                             0        0        2         0
                text27                              458      458        E         0
                text26                              435      435       12         0
                text25                              421      421       14         0
                text24                              3B6      3B6       1E         0
                text23                              471      471        A         0
                text22                              40D      40D       14         0
                text21                              3D4      3D4       1D         0
                text20                              126      126       60         0
                text19                              233      233       53         0
                text18                              300      300       2B         0
                text17                              482      482        7         0
                text16                              48F      48F        6         0
                text15                              186      186       58         0
                text14                              495      495        5         0
                text13                              47B      47B        7         0
                text12                              376      376       21         0
                text11                              32B      32B       29         0
                text10                              466      466        B         0
                text9                               49A      49A        4         0
                text8                               397      397       1F         0
                text7                               447      447       11         0
                text6                               4A4      4A4        1         0
                text5                               1DE      1DE       55         0
                text4                                3A       3A       EC         0
                text3                               3F1      3F1       1C         0
                text2                               354      354       22         0
                text1                               2CF      2CF       31         0
                maintext                            286      286       49         0
                clrtext                             489      489        6         0
                idataBANK0                          49E      49E        3         0

        CLASS   STRCODE        
                stringtext1                         4A1      4A1        3         0

        CLASS   STRING         

        CLASS   CONST          

        CLASS   ENTRY          

        CLASS   COMMON         
                cstackCOMMON                         70       70        E         1

        CLASS   BANK0          
                cstackBANK0                          20       20       2D         1
                dataBANK0                            54       54        3         1
                bssBANK0                             4D       4D        7         1

        CLASS   BANK1          
                bssBANK1                             A0       A0       20         1

        CLASS   BANK2          

        CLASS   BANK3          

        CLASS   BANK4          

        CLASS   BANK5          

        CLASS   BANK6          

        CLASS   BANK7          

        CLASS   BANK8          

        CLASS   BANK9          

        CLASS   BANK10         

        CLASS   BANK11         

        CLASS   BANK12         

        CLASS   BANK13         

        CLASS   BANK14         

        CLASS   BANK15         

        CLASS   BANK16         

        CLASS   BANK17         

        CLASS   BANK18         

        CLASS   BANK19         

        CLASS   BANK20         

        CLASS   BANK21         

        CLASS   BANK22         

        CLASS   BANK23         

        CLASS   BANK24         

        CLASS   BANK25         

        CLASS   BIGRAM         

        CLASS   RAM            

        CLASS   ABS1           
                abs_s1                               7E       7E        2         1

        CLASS   SFR0           

        CLASS   SFR1           

        CLASS   SFR2           

        CLASS   SFR3           

        CLASS   SFR4           

        CLASS   SFR5           

        CLASS   SFR6           

        CLASS   SFR7           

        CLASS   SFR8           

        CLASS   SFR9           

        CLASS   SFR10          

        CLASS   SFR11          

        CLASS   SFR12          

        CLASS   SFR13          

        CLASS   SFR14          

        CLASS   SFR15          

        CLASS   SFR16          

        CLASS   SFR17          

        CLASS   SFR18          

        CLASS   SFR19          

        CLASS   SFR20          

        CLASS   SFR21          

        CLASS   SFR22          

        CLASS   SFR23          

        CLASS   SFR24          

        CLASS   SFR25          

        CLASS   SFR26          

        CLASS   SFR27          

        CLASS   SFR28          

        CLASS   SFR29          

        CLASS   SFR30          

        CLASS   SFR31          

        CLASS   CONFIG         
                config                             8007     8007        2         4

        CLASS   IDLOC          

        CLASS   BANK31         

        CLASS   BANK30         

        CLASS   BANK29         

        CLASS   BANK28         

        CLASS   BANK27         

        CLASS   BANK26         

        CLASS   HEAP           

        CLASS   STACK          

        CLASS   EEDATA         



SEGMENTS        Name                           Load    Length   Top    Selector   Space  Class     Delta

                reset_vec                      000000  000002  000002         0       0  CODE        2
                stringtext1                    0004A1  000003  0004A4       942       0  STRCODE     2
                text6                          0004A4  000001  0004A5       948       0  CODE        2
                bssBANK1                       0000A0  000020  0000C0        A0       1  BANK1       1
                cstackCOMMON                   000070  00000E  00007E        70       1  COMMON      1
                intentry                       000004  00049D  0004A1         8       0  CODE        2
                cstackBANK0                    000020  000037  000057        20       1  BANK0       1


UNUSED ADDRESS RANGES

        Name                Unused          Largest block    Delta
        BANK0            00057-0006F              19           1
        BANK1            000C0-000EF              30           1
        BANK10           00520-0056F              50           1
        BANK11           005A0-005EF              50           1
        BANK12           00620-0066F              50           1
        BANK13           006A0-006EF              50           1
        BANK14           00720-0076F              50           1
        BANK15           007A0-007EF              50           1
        BANK16           00820-0086F              50           1
        BANK17           008A0-008EF              50           1
        BANK18           00920-0096F              50           1
        BANK19           009A0-009EF              50           1
        BANK2            00120-0016F              50           1
        BANK20           00A20-00A6F              50           1
        BANK21           00AA0-00AEF              50           1
        BANK22           00B20-00B6F              50           1
        BANK23           00BA0-00BEF              50           1
        BANK24           00C20-00C6F              50           1
        BANK25           00CA0-00CBF              20           1
        BANK3            001A0-001EF              50           1
        BANK4            00220-0026F              50           1
        BANK5            002A0-002EF              50           1
        BANK6            00320-0036F              50           1
        BANK7            003A0-003EF              50           1
        BANK8            00420-0046F              50           1
        BANK9            004A0-004EF              50           1
        BIGRAM           02000-027EF             7F0           1
        CODE             00002-00003               2           2
                         004A5-03FFF             800
        CONST            00002-00003               2           2
                         004A5-03FFF             100
        ENTRY            00002-00003               2           2
                         004A5-03FFF             100
        IDLOC            08000-08003               4           2
        RAM              00057-0006F              19           1
                         000C0-000EF              30
                         00120-0016F              50
                         001A0-001EF              50
                         00220-0026F              50
                         002A0-002EF              50
                         00320-0036F              50
                         003A0-003EF              50
                         00420-0046F              50
                         004A0-004EF              50
                         00520-0056F              50
                         005A0-005EF              50
                         00620-0066F              50
                         006A0-006EF              50
                         00720-0076F              50
                         007A0-007EF              50
                         00820-0086F              50
                         008A0-008EF              50
                         00920-0096F              50
                         009A0-009EF              50
                         00A20-00A6F              50
                         00AA0-00AEF              50
                         00B20-00B6F              50
                         00BA0-00BEF              50
                         00C20-00C6F              50
                         00CA0-00CBF              20
        SFR0             00000-0001F              20           1
        SFR1             00080-0009F              20           1
        SFR10            00500-0051F              20           1
        SFR11            00580-0059F              20           1
        SFR12            00600-0061F              20           1
        SFR13            00680-0069F              20           1
        SFR14            00700-0071F              20           1
        SFR15            00780-0079F              20           1
        SFR16            00800-0081F              20           1
        SFR17            00880-0089F              20           1
        SFR18            00900-0091F              20           1
        SFR19            00980-0099F              20           1
        SFR2             00100-0011F              20           1
        SFR20            00A00-00A1F              20           1
        SFR21            00A80-00A9F              20           1
        SFR22            00B00-00B1F              20           1
        SFR23            00B80-00B9F              20           1
        SFR24            00C00-00C1F              20           1
        SFR25            00C80-00C9F              20           1
        SFR26            00D00-00D6F              70           1
        SFR27            00D80-00DEF              70           1
        SFR28            00E00-00E6F              70           1
        SFR29            00E80-00EEF              70           1
        SFR3             00180-0019F              20           1
        SFR30            00F00-00F6F              70           1
        SFR31            00F80-00FEF              70           1
        SFR4             00200-0021F              20           1
        SFR5             00280-0029F              20           1
        SFR6             00300-0031F              20           1
        SFR7             00380-0039F              20           1
        SFR8             00400-0041F              20           1
        SFR9             00480-0049F              20           1
        STRCODE          00002-00003               2           2
                         004A5-03FFF            3B5B
        STRING           00002-00003               2           2
                         004A5-03FFF             100

                                  Symbol Table

?___awdiv                    cstackCOMMON 00076
?___awmod                    cstackCOMMON 00070
?___wmul                     cstackCOMMON 00070
?_abs                        cstackCOMMON 00077
?_sprintf                    cstackBANK0  00039
?_vfprintf                   cstackBANK0  00033
LCD_GoTo@column              cstackCOMMON 00074
LCD_GoTo@pos                 cstackCOMMON 00077
LCD_GoTo@row                 cstackCOMMON 00078
LCD_WriteByte@data           cstackCOMMON 00073
LCD_WriteCommand@cmd         cstackCOMMON 00073
LCD_WriteIOExpander@data     cstackCOMMON 00071
LCD_WriteIOExpander@reg      cstackCOMMON 00072
LCD_WriteString@data         cstackCOMMON 00076
LCD_WriteString@i            cstackCOMMON 00075
SPI_Exchange8bit@data        cstackCOMMON 00070
_ADCON0bits                  (abs)        0009D
_ADCON1bits                  (abs)        0009E
_ADRESH                      (abs)        0009C
_ADRESL                      (abs)        0009B
_ANSELAbits                  (abs)        0018C
_ANSELCbits                  (abs)        0018E
_BAUD1CONbits                (abs)        0019F
_INTCONbits                  (abs)        0000B
_LATAbits                    (abs)        0010C
_LATCbits                    (abs)        0010E
_LCD_Clear                   text23       00471
_LCD_GoTo                    text24       003B6
_LCD_GoTo$119                cstackCOMMON 00075
_LCD_Initialize              text15       00186
_LCD_InitializePins          text14       00495
_LCD_WriteByte               text22       0040D
_LCD_WriteCommand            text25       00421
_LCD_WriteIOExpander         text26       00435
_LCD_WriteString             text21       003D4
_PIE1bits                    (abs)        00091
_PIR1bits                    (abs)        00011
_PORTBbits                   (abs)        0000D
_RC1REG                      (abs)        00199
_RC1STAbits                  (abs)        0019D
_RC3PPSbits                  (abs)        00EA3
_RC5PPSbits                  (abs)        00EA5
_RC6PPSbits                  (abs)        00EA6
_RXPPSbits                   (abs)        00E24
_SP1BRGHbits                 (abs)        0019C
_SP1BRGLbits                 (abs)        0019B
_SPI_Exchange8bit            text27       00458
_SPI_Initialize              text13       0047B
_SPI_InitializePins          text12       00376
_SSP1ADD                     (abs)        00212
_SSP1BUF                     (abs)        00211
_SSP1CON1                    (abs)        00215
_SSP1CON1bits                (abs)        00215
_SSP1STAT                    (abs)        00214
_SSP1STATbits                (abs)        00214
_SSPCLKPPSbits               (abs)        00E20
_SSPDATPPSbits               (abs)        00E21
_String                      dataBANK0    00055
_TRISAbits                   (abs)        0008C
_TRISCbits                   (abs)        0008E
_TX1REG                      (abs)        0019A
_TX1STAbits                  (abs)        0019E
__H__absolute__              __absolute__ 00000
__Habs1                      abs1         00000
__Hbank0                     bank0        00000
__Hbank1                     bank1        00000
__Hbank10                    bank10       00000
__Hbank11                    bank11       00000
__Hbank12                    bank12       00000
__Hbank13                    bank13       00000
__Hbank14                    bank14       00000
__Hbank15                    bank15       00000
__Hbank16                    bank16       00000
__Hbank17                    bank17       00000
__Hbank18                    bank18       00000
__Hbank19                    bank19       00000
__Hbank2                     bank2        00000
__Hbank20                    bank20       00000
__Hbank21                    bank21       00000
__Hbank22                    bank22       00000
__Hbank23                    bank23       00000
__Hbank24                    bank24       00000
__Hbank25                    bank25       00000
__Hbank26                    bank26       00000
__Hbank27                    bank27       00000
__Hbank28                    bank28       00000
__Hbank29                    bank29       00000
__Hbank3                     bank3        00000
__Hbank30                    bank30       00000
__Hbank31                    bank31       00000
__Hbank4                     bank4        00000
__Hbank5                     bank5        00000
__Hbank6                     bank6        00000
__Hbank7                     bank7        00000
__Hbank8                     bank8        00000
__Hbank9                     bank9        00000
__Hbigram                    bigram       00000
__HbssBANK0                  bssBANK0     00000
__HbssBANK1                  bssBANK1     00000
__Hcinit                     cinit        0003A
__Hclrtext                   clrtext      00000
__Hcode                      code         00000
__Hcommon                    common       00000
__Hconfig                    config       08009
__HcstackBANK0               cstackBANK0  00000
__HcstackCOMMON              cstackCOMMON 00000
__HdataBANK0                 dataBANK0    00000
__Heeprom_data               eeprom_data  00000
__Hend_init                  end_init     0001A
__Hfunctab                   functab      00000
__Hheap                      heap         00000
__HidataBANK0                idataBANK0   00000
__Hinit                      init         00018
__Hintentry                  intentry     00018
__Hmaintext                  maintext     00000
__Hpowerup                   powerup      00000
__Hram                       ram          00000
__Hreset_vec                 reset_vec    00002
__Hsfr0                      sfr0         00000
__Hsfr1                      sfr1         00000
__Hsfr10                     sfr10        00000
__Hsfr11                     sfr11        00000
__Hsfr12                     sfr12        00000
__Hsfr13                     sfr13        00000
__Hsfr14                     sfr14        00000
__Hsfr15                     sfr15        00000
__Hsfr16                     sfr16        00000
__Hsfr17                     sfr17        00000
__Hsfr18                     sfr18        00000
__Hsfr19                     sfr19        00000
__Hsfr2                      sfr2         00000
__Hsfr20                     sfr20        00000
__Hsfr21                     sfr21        00000
__Hsfr22                     sfr22        00000
__Hsfr23                     sfr23        00000
__Hsfr24                     sfr24        00000
__Hsfr25                     sfr25        00000
__Hsfr26                     sfr26        00000
__Hsfr27                     sfr27        00000
__Hsfr28                     sfr28        00000
__Hsfr29                     sfr29        00000
__Hsfr3                      sfr3         00000
__Hsfr30                     sfr30        00000
__Hsfr31                     sfr31        00000
__Hsfr4                      sfr4         00000
__Hsfr5                      sfr5         00000
__Hsfr6                      sfr6         00000
__Hsfr7                      sfr7         00000
__Hsfr8                      sfr8         00000
__Hsfr9                      sfr9         00000
__Hspace_0                   (abs)        004A5
__Hspace_1                   (abs)        000C0
__Hspace_2                   (abs)        00000
__Hspace_3                   (abs)        00000
__Hspace_4                   (abs)        10010
__Hstack                     stack        00000
__Hstrings                   strings      00000
__Hstringtext1               stringtext1  00000
__Hstringtext2               stringtext2  00000
__Htext                      text         00000
__L__absolute__              __absolute__ 00000
__Labs1                      abs1         00000
__Lbank0                     bank0        00000
__Lbank1                     bank1        00000
__Lbank10                    bank10       00000
__Lbank11                    bank11       00000
__Lbank12                    bank12       00000
__Lbank13                    bank13       00000
__Lbank14                    bank14       00000
__Lbank15                    bank15       00000
__Lbank16                    bank16       00000
__Lbank17                    bank17       00000
__Lbank18                    bank18       00000
__Lbank19                    bank19       00000
__Lbank2                     bank2        00000
__Lbank20                    bank20       00000
__Lbank21                    bank21       00000
__Lbank22                    bank22       00000
__Lbank23                    bank23       00000
__Lbank24                    bank24       00000
__Lbank25                    bank25       00000
__Lbank26                    bank26       00000
__Lbank27                    bank27       00000
__Lbank28                    bank28       00000
__Lbank29                    bank29       00000
__Lbank3                     bank3        00000
__Lbank30                    bank30       00000
__Lbank31                    bank31       00000
__Lbank4                     bank4        00000
__Lbank5                     bank5        00000
__Lbank6                     bank6        00000
__Lbank7                     bank7        00000
__Lbank8                     bank8        00000
__Lbank9                     bank9        00000
__Lbigram                    bigram       00000
__LbssBANK0                  bssBANK0     00000
__LbssBANK1                  bssBANK1     00000
__Lcinit                     cinit        0001A
__Lclrtext                   clrtext      00000
__Lcode                      code         00000
__Lcommon                    common       00000
__Lconfig                    config       00000
__LcstackBANK0               cstackBANK0  00000
__LcstackCOMMON              cstackCOMMON 00000
__LdataBANK0                 dataBANK0    00000
__Leeprom_data               eeprom_data  00000
__Lend_init                  end_init     00018
__Lfunctab                   functab      00000
__Lheap                      heap         00000
__LidataBANK0                idataBANK0   00000
__Linit                      init         00018
__Lintentry                  intentry     00004
__Lmaintext                  maintext     00000
__Lpowerup                   powerup      00000
__Lram                       ram          00000
__Lreset_vec                 reset_vec    00000
__Lsfr0                      sfr0         00000
__Lsfr1                      sfr1         00000
__Lsfr10                     sfr10        00000
__Lsfr11                     sfr11        00000
__Lsfr12                     sfr12        00000
__Lsfr13                     sfr13        00000
__Lsfr14                     sfr14        00000
__Lsfr15                     sfr15        00000
__Lsfr16                     sfr16        00000
__Lsfr17                     sfr17        00000
__Lsfr18                     sfr18        00000
__Lsfr19                     sfr19        00000
__Lsfr2                      sfr2         00000
__Lsfr20                     sfr20        00000
__Lsfr21                     sfr21        00000
__Lsfr22                     sfr22        00000
__Lsfr23                     sfr23        00000
__Lsfr24                     sfr24        00000
__Lsfr25                     sfr25        00000
__Lsfr26                     sfr26        00000
__Lsfr27                     sfr27        00000
__Lsfr28                     sfr28        00000
__Lsfr29                     sfr29        00000
__Lsfr3                      sfr3         00000
__Lsfr30                     sfr30        00000
__Lsfr31                     sfr31        00000
__Lsfr4                      sfr4         00000
__Lsfr5                      sfr5         00000
__Lsfr6                      sfr6         00000
__Lsfr7                      sfr7         00000
__Lsfr8                      sfr8         00000
__Lsfr9                      sfr9         00000
__Lspace_0                   (abs)        00000
__Lspace_1                   (abs)        00000
__Lspace_2                   (abs)        00000
__Lspace_3                   (abs)        00000
__Lspace_4                   (abs)        00000
__Lstack                     stack        00000
__Lstrings                   strings      00000
__Lstringtext1               stringtext1  00000
__Lstringtext2               stringtext2  00000
__Ltext                      text         00000
__S0                         (abs)        004A5
__S1                         (abs)        000C0
___awdiv                     text20       00126
___awdiv@counter             cstackBANK0  00020
___awdiv@dividend            cstackCOMMON 00078
___awdiv@divisor             cstackCOMMON 00076
___awdiv@quotient            cstackBANK0  00022
___awdiv@sign                cstackBANK0  00021
___awmod                     text19       00233
___awmod@counter             cstackCOMMON 00075
___awmod@dividend            cstackCOMMON 00072
___awmod@divisor             cstackCOMMON 00070
___awmod@sign                cstackCOMMON 00076
___heap_hi                   (abs)        00000
___heap_lo                   (abs)        00000
___int_sp                    stack        00000
___int_stack_hi              stack        00000
___int_stack_lo              stack        00000
___latbits                   (abs)        00003
___sp                        stack        00000
___stack_hi                  stack        00000
___stack_lo                  stack        00000
___stackhi                   (abs)        00000
___stacklo                   (abs)        00000
___wmul                      text8        00397
___wmul@multiplicand         cstackCOMMON 00072
___wmul@multiplier           cstackCOMMON 00070
___wmul@product              cstackCOMMON 00074
__end_of_LCD_Clear           text23       0047B
__end_of_LCD_GoTo            text24       003D4
__end_of_LCD_Initialize      text15       001DE
__end_of_LCD_InitializePins  text14       0049A
__end_of_LCD_WriteByte       text22       00421
__end_of_LCD_WriteCommand    text25       00435
__end_of_LCD_WriteIOExpander text26       00447
__end_of_LCD_WriteString     text21       003F1
__end_of_SPI_Exchange8bit    text27       00466
__end_of_SPI_Initialize      text13       00482
__end_of_SPI_InitializePins  text12       00397
__end_of___awdiv             text20       00186
__end_of___awmod             text19       00286
__end_of___wmul              text8        003B6
__end_of__initialization     cinit        00036
__end_of_abs                 text7        00458
__end_of_charToRien          text18       0032B
__end_of_chiffrer            text17       00489
__end_of_dechiffrer          text16       00495
__end_of_fputc               text5        00233
__end_of_init                text11       00354
__end_of_init_adc            text10       00471
__end_of_init_pot            text9        0049E
__end_of_isr                 intentry     00018
__end_of_main                maintext     002CF
__end_of_putch               text6        004A5
__end_of_setOffset           text1        00300
__end_of_sprintf             text2        00376
__end_of_vfpfcnvrt           text4        00126
__end_of_vfprintf            text3        0040D
__initialization             cinit        0001A
__pbssBANK0                  bssBANK0     0004D
__pbssBANK1                  bssBANK1     000A0
__pcstackBANK0               cstackBANK0  00020
__pcstackCOMMON              cstackCOMMON 00070
__pdataBANK0                 dataBANK0    00054
__pidataBANK0                idataBANK0   0049E
__pintentry                  intentry     00004
__pmaintext                  maintext     00286
__pstringtext1               stringtext1  004A1
__pstringtext2               stringtext2  00000
__ptext1                     text1        002CF
__ptext10                    text10       00466
__ptext11                    text11       0032B
__ptext12                    text12       00376
__ptext13                    text13       0047B
__ptext14                    text14       00495
__ptext15                    text15       00186
__ptext16                    text16       0048F
__ptext17                    text17       00482
__ptext18                    text18       00300
__ptext19                    text19       00233
__ptext2                     text2        00354
__ptext20                    text20       00126
__ptext21                    text21       003D4
__ptext22                    text22       0040D
__ptext23                    text23       00471
__ptext24                    text24       003B6
__ptext25                    text25       00421
__ptext26                    text26       00435
__ptext27                    text27       00458
__ptext3                     text3        003F1
__ptext4                     text4        0003A
__ptext5                     text5        001DE
__ptext6                     text6        004A4
__ptext7                     text7        00447
__ptext8                     text8        00397
__ptext9                     text9        0049A
_abs                         text7        00447
_charToRien                  text18       00300
_chiffrer                    text17       00482
_dbuf                        bssBANK1     000A0
_dechiffrer                  text16       0048F
_flags                       bssBANK0     00053
_fputc                       text5        001DE
_init                        text11       0032B
_init_adc                    text10       00466
_init_pot                    text9        0049A
_isr                         intentry     00004
_main                        maintext     00286
_offset                      dataBANK0    00054
_prec                        bssBANK0     0004F
_putch                       text6        004A4
_setOffset                   text1        002CF
_sprintf                     text2        00354
_vfpfcnvrt                   text4        0003A
_vfprintf                    text3        003F1
_width                       bssBANK0     0004D
abs@a                        cstackCOMMON 00077
btemp                        (abs)        0007E
charToRien@dizaines          cstackBANK0  00025
charToRien@nombre            cstackBANK0  00026
charToRien@unite             cstackBANK0  00024
clear_ram0                   clrtext      00489
end_of_initialization        cinit        00036
fputc@c                      cstackCOMMON 00070
fputc@fp                     cstackCOMMON 00072
int$flags                    (abs)        0007E
intlevel0                    functab      00000
intlevel1                    functab      00000
intlevel2                    functab      00000
intlevel3                    functab      00000
intlevel4                    functab      00000
intlevel5                    functab      00000
reset_vec                    reset_vec    00000
setOffset@potar              cstackCOMMON 0007C
sprintf@ap                   cstackBANK0  0003F
sprintf@f                    cstackBANK0  00040
sprintf@fmt                  cstackBANK0  0003B
sprintf@s                    cstackBANK0  00039
start                        init         00018
start_initialization         cinit        0001A
vfpfcnvrt@ap                 cstackBANK0  00025
vfpfcnvrt@c                  cstackBANK0  00032
vfpfcnvrt@convarg            cstackBANK0  0002E
vfpfcnvrt@cp                 cstackBANK0  0002C
vfpfcnvrt@done               cstackBANK0  0002A
vfpfcnvrt@fmt                cstackBANK0  00024
vfpfcnvrt@fp                 cstackBANK0  0002B
vfprintf@ap                  cstackBANK0  00035
vfprintf@cfmt                cstackBANK0  00037
vfprintf@fmt                 cstackBANK0  00033
vfprintf@fp                  cstackBANK0  00036
wtemp0                       (abs)        0007E


MODULE INFORMATION

Module		Function		Class		Link	Load	Size
/Applications/microchip/xc8/v2.45/pic/sources/c99/common/nf_fputc.c
		_fputc         		CODE           	01DE	0000	85

/Applications/microchip/xc8/v2.45/pic/sources/c99/common/nf_fputc.c estimated size: 85

/Applications/microchip/xc8/v2.45/pic/sources/c99/common/Umul16.c
		___wmul        		CODE           	0397	0000	31

/Applications/microchip/xc8/v2.45/pic/sources/c99/common/Umul16.c estimated size: 31

/Applications/microchip/xc8/v2.45/pic/sources/c99/common/nf_sprintf.c
		_sprintf       		CODE           	0354	0000	34

/Applications/microchip/xc8/v2.45/pic/sources/c99/common/nf_sprintf.c estimated size: 34

../Ressources/spi.c
		_SPI_InitializePins		CODE           	0376	0000	33
		_SPI_Exchange8bit		CODE           	0458	0000	14
		_SPI_Initialize		CODE           	047B	0000	7

../Ressources/spi.c estimated size: 54

/Applications/microchip/xc8/v2.45/pic/sources/c99/common/putch.c
		_putch         		CODE           	04A4	0000	1

/Applications/microchip/xc8/v2.45/pic/sources/c99/common/putch.c estimated size: 1

/Applications/microchip/xc8/v2.45/pic/sources/c99/common/abs.c
		_abs           		CODE           	0447	0000	17

/Applications/microchip/xc8/v2.45/pic/sources/c99/common/abs.c estimated size: 17

../Ressources/lcd.c
		_LCD_WriteIOExpander		CODE           	0435	0000	18
		_LCD_Initialize		CODE           	0186	0000	88
		_LCD_WriteString		CODE           	03D4	0000	29
		_LCD_Clear     		CODE           	0471	0000	10
		_LCD_GoTo      		CODE           	03B6	0000	30
		_LCD_InitializePins		CODE           	0495	0000	5
		_LCD_WriteCommand		CODE           	0421	0000	20
		_LCD_WriteByte 		CODE           	040D	0000	20

../Ressources/lcd.c estimated size: 220

/Applications/microchip/xc8/v2.45/pic/sources/c99/common/awmod.c
		___awmod       		CODE           	0233	0000	83

/Applications/microchip/xc8/v2.45/pic/sources/c99/common/awmod.c estimated size: 83

shared
		__initialization		CODE           	001A	0000	28

shared estimated size: 28

/Applications/microchip/xc8/v2.45/pic/sources/c99/common/awdiv.c
		___awdiv       		CODE           	0126	0000	96

/Applications/microchip/xc8/v2.45/pic/sources/c99/common/awdiv.c estimated size: 96

/Applications/microchip/xc8/v2.45/pic/sources/c99/common/doprnt.c
		_vfpfcnvrt     		CODE           	003A	0000	236
		_vfprintf      		CODE           	03F1	0000	28

/Applications/microchip/xc8/v2.45/pic/sources/c99/common/doprnt.c estimated size: 264

main.c
		_setOffset     		CODE           	02CF	0000	49
		_init          		CODE           	032B	0000	41
		_init_pot      		CODE           	049A	0000	4
		_main          		CODE           	0286	0000	73
		_charToRien    		CODE           	0300	0000	43
		_init_adc      		CODE           	0466	0000	11
		_isr           		CODE           	0004	0000	20
		_dechiffrer    		CODE           	048F	0000	6
		_chiffrer      		CODE           	0482	0000	7

main.c estimated size: 254

