Microchip MPLAB XC8 Compiler V2.45

Linker command line:

-W-3 --edf=/Applications/microchip/xc8/v2.45/pic/dat/20230818022343_en.msgs \
  -cn -h+dist/default/production/TP3d_cesar.X.production.sym \
  --cmf=dist/default/production/TP3d_cesar.X.production.cmf -z -Q16LF1719 \
  -o/tmp/xcv9qG1bX/driver_tmp_3.o --defsym=__MPLAB_BUILD=1 \
  --fixupoverflow=error \
  -Mdist/default/production/TP3d_cesar.X.production.map \
  --md=/tmp/xcv9qG1bX/driver_tmp_0.dat -E1 -ver=XC8 Compiler --acfsm=1493 \
  -ACODE=00h-07FFhx8 -ASTRCODE=00h-03FFFh -ASTRING=00h-0FFhx64 \
  -ACONST=00h-0FFhx64 -AENTRY=00h-0FFhx64 -ACOMMON=070h-07Fh \
  -ABANK0=020h-06Fh -ABANK1=0A0h-0EFh -ABANK2=0120h-016Fh \
  -ABANK3=01A0h-01EFh -ABANK4=0220h-026Fh -ABANK5=02A0h-02EFh \
  -ABANK6=0320h-036Fh -ABANK7=03A0h-03EFh -ABANK8=0420h-046Fh \
  -ABANK9=04A0h-04EFh -ABANK10=0520h-056Fh -ABANK11=05A0h-05EFh \
  -ABANK12=0620h-066Fh -ABANK13=06A0h-06EFh -ABANK14=0720h-076Fh \
  -ABANK15=07A0h-07EFh -ABANK16=0820h-086Fh -ABANK17=08A0h-08EFh \
  -ABANK18=0920h-096Fh -ABANK19=09A0h-09EFh -ABANK20=0A20h-0A6Fh \
  -ABANK21=0AA0h-0AEFh -ABANK22=0B20h-0B6Fh -ABANK23=0BA0h-0BEFh \
  -ABANK24=0C20h-0C6Fh -ABANK25=0CA0h-0CBFh -ABIGRAM=02000h-027EFh \
  -ARAM=020h-06Fh,0A0h-0EFh,0120h-016Fh,01A0h-01EFh,0220h-026Fh,02A0h-02EFh,0320h-036Fh,03A0h-03EFh,0420h-046Fh,04A0h-04EFh,0520h-056Fh,05A0h-05EFh,0620h-066Fh,06A0h-06EFh,0720h-076Fh,07A0h-07EFh,0820h-086Fh,08A0h-08EFh,0920h-096Fh,09A0h-09EFh,0A20h-0A6Fh,0AA0h-0AEFh,0B20h-0B6Fh,0BA0h-0BEFh,0C20h-0C6Fh,0CA0h-0CBFh \
  -AABS1=020h-07Fh,0A0h-0EFh,0120h-016Fh,01A0h-01EFh,0220h-026Fh,02A0h-02EFh,0320h-036Fh,03A0h-03EFh,0420h-046Fh,04A0h-04EFh,0520h-056Fh,05A0h-05EFh,0620h-066Fh,06A0h-06EFh,0720h-076Fh,07A0h-07EFh,0820h-086Fh,08A0h-08EFh,0920h-096Fh,09A0h-09EFh,0A20h-0A6Fh,0AA0h-0AEFh,0B20h-0B6Fh,0BA0h-0BEFh,0C20h-0C6Fh,0CA0h-0CBFh \
  -ASFR0=00h-01Fh -ASFR1=080h-09Fh -ASFR2=0100h-011Fh -ASFR3=0180h-019Fh \
  -ASFR4=0200h-021Fh -ASFR5=0280h-029Fh -ASFR6=0300h-031Fh \
  -ASFR7=0380h-039Fh -ASFR8=0400h-041Fh -ASFR9=0480h-049Fh \
  -ASFR10=0500h-051Fh -ASFR11=0580h-059Fh -ASFR12=0600h-061Fh \
  -ASFR13=0680h-069Fh -ASFR14=0700h-071Fh -ASFR15=0780h-079Fh \
  -ASFR16=0800h-081Fh -ASFR17=0880h-089Fh -ASFR18=0900h-091Fh \
  -ASFR19=0980h-099Fh -ASFR20=0A00h-0A1Fh -ASFR21=0A80h-0A9Fh \
  -ASFR22=0B00h-0B1Fh -ASFR23=0B80h-0B9Fh -ASFR24=0C00h-0C1Fh \
  -ASFR25=0C80h-0C9Fh -ASFR26=0D00h-0D6Fh -ASFR27=0D80h-0DEFh \
  -ASFR28=0E00h-0E6Fh -ASFR29=0E80h-0EEFh -ASFR30=0F00h-0F6Fh \
  -ASFR31=0F80h-0FEFh -ACONFIG=08007h-08008h -DCONFIG=2 \
  -AIDLOC=08000h-08003h -DIDLOC=2 -DCODE=2 -DSTRCODE=2 -DSTRING=2 -DCONST=2 \
  -DENTRY=2 -preset_vec=00h,intentry=04h,init,end_init -ppowerup=CODE \
  -pcinit=CODE -pfunctab=ENTRY -k /tmp/xcv9qG1bX/driver_tmp_17.o \
  dist/default/production/TP3d_cesar.X.production.o 

Object code version is 3.11

Machine type is 16LF1719



                Name                               Link     Load   Length Selector   Space Scale
/tmp/xcv9qG1bX/driver_tmp_17.o
                end_init                             6E       6E        2        8       0
                reset_vec                             0        0        2        0       0
                config                             8007     8007        2        0       4
dist/default/production/TP3d_cesar.X.production.o
                cinit                                70       70       25        8       0
                intentry                              4        4       6A        8       0
                config                             8007     8007        2        0       4
                text46                              33C      33C       E5        8       0
                text45                              DD0      DD0        E     1BA0       0
                text44                              E00      E00       12     1C00       0
                text43                              E24      E24       14     1C48       0
                text42                              EAC      EAC       1E     1D58       0
                text41                              DBB      DBB        A     1B76       0
                text40                              E38      E38       14     1C70       0
                text39                              E8F      E8F       1D     1D1E       0
                text38                              4E3      4E3       5F        8       0
                text37                              640      640       53        8       0
                text36                              DDE      DDE       11     1BBC       0
                text35                                2        2        1        0       0
                text34                              5EC      5EC       54        8       0
                text33                               95       95      154        8       0
                text32                              FB1      FB1       24     1F62       0
                text31                              F6B      F6B       23     1ED6       0
                text30                              6DA      6DA       43        8       0
                text28                              483      483       60        8       0
                text27                              598      598       54        8       0
                text26                              FD5      FD5       2B     1FAA       0
                text25                              DA8      DA8        6     1B50       0
                text24                              DEF      DEF       11     1BDE       0
                text23                              E4C      E4C       15     1C98       0
                text22                              E61      E61       17     1CC2       0
                text21                              421      421       62        8       0
                text20                              DA3      DA3        5     1B46       0
                text19                              DB4      DB4        7     1B68       0
                text18                              F28      F28       21     1E50       0
                text17                              7C8      7C8       2D        8       0
                text16                              DC5      DC5        B     1B8A       0
                text15                              D9B      D9B        4     1B36       0
                text14                              ECA      ECA       1F     1D94       0
                text13                              7F5      7F5        B        8       0
                text12                              E78      E78       17     1CF0       0
                text11                              EE9      EE9       1F     1DD2       0
                text10                              E12      E12       12     1C24       0
                text9                                 3        3        1        6       0
                text8                               542      542       56        8       0
                text7                               1E9      1E9      153        8       0
                text6                               F49      F49       22     1E92       0
                text5                               F8E      F8E       23     1F1C       0
                text4                               71D      71D       3E        8       0
                text3                               75B      75B       3D        8       0
                text2                               F08      F08       20     1E10       0
                text1                               798      798       30        8       0
                maintext                            693      693       47        8       0
                cstackBANK0                          20       20       2E       20       1
                cstackCOMMON                         70       70        E       70       1
                cstackBANK1                          A0       A0       39       A0       1
                clrtext                             DAE      DAE        6     1B5C       0
                dataBANK1                            E2       E2        4       A0       1
                bssBANK1                             D9       D9        9       A0       1
                bssBANK0                             4E       4E       20       20       1
                stringtext2                        100F     100F        D     2000       0
                stringtext1                        1000     1000        F     2000       0
                idataBANK1                          D9F      D9F        4     1B3E       0

TOTAL           Name                               Link     Load   Length     Space
        CLASS   CODE           
                end_init                             6E       6E        2         0
                cinit                                70       70       25         0
                intentry                              4        4       6A         0
                reset_vec                             0        0        2         0
                text46                              33C      33C       E5         0
                text45                              DD0      DD0        E         0
                text44                              E00      E00       12         0
                text43                              E24      E24       14         0
                text42                              EAC      EAC       1E         0
                text41                              DBB      DBB        A         0
                text40                              E38      E38       14         0
                text39                              E8F      E8F       1D         0
                text38                              4E3      4E3       5F         0
                text37                              640      640       53         0
                text36                              DDE      DDE       11         0
                text35                                2        2        1         0
                text34                              5EC      5EC       54         0
                text33                               95       95      154         0
                text32                              FB1      FB1       24         0
                text31                              F6B      F6B       23         0
                text30                              6DA      6DA       43         0
                text28                              483      483       60         0
                text27                              598      598       54         0
                text26                              FD5      FD5       2B         0
                text25                              DA8      DA8        6         0
                text24                              DEF      DEF       11         0
                text23                              E4C      E4C       15         0
                text22                              E61      E61       17         0
                text21                              421      421       62         0
                text20                              DA3      DA3        5         0
                text19                              DB4      DB4        7         0
                text18                              F28      F28       21         0
                text17                              7C8      7C8       2D         0
                text16                              DC5      DC5        B         0
                text15                              D9B      D9B        4         0
                text14                              ECA      ECA       1F         0
                text13                              7F5      7F5        B         0
                text12                              E78      E78       17         0
                text11                              EE9      EE9       1F         0
                text10                              E12      E12       12         0
                text9                                 3        3        1         0
                text8                               542      542       56         0
                text7                               1E9      1E9      153         0
                text6                               F49      F49       22         0
                text5                               F8E      F8E       23         0
                text4                               71D      71D       3E         0
                text3                               75B      75B       3D         0
                text2                               F08      F08       20         0
                text1                               798      798       30         0
                maintext                            693      693       47         0
                clrtext                             DAE      DAE        6         0
                idataBANK1                          D9F      D9F        4         0

        CLASS   STRCODE        
                stringtext2                        100F     100F        D         0
                stringtext1                        1000     1000        F         0

        CLASS   STRING         

        CLASS   CONST          

        CLASS   ENTRY          

        CLASS   COMMON         
                cstackCOMMON                         70       70        E         1

        CLASS   BANK0          
                cstackBANK0                          20       20       2E         1
                bssBANK0                             4E       4E       20         1

        CLASS   BANK1          
                cstackBANK1                          A0       A0       39         1
                dataBANK1                            E2       E2        4         1
                bssBANK1                             D9       D9        9         1

        CLASS   BANK2          

        CLASS   BANK3          

        CLASS   BANK4          

        CLASS   BANK5          

        CLASS   BANK6          

        CLASS   BANK7          

        CLASS   BANK8          

        CLASS   BANK9          

        CLASS   BANK10         

        CLASS   BANK11         

        CLASS   BANK12         

        CLASS   BANK13         

        CLASS   BANK14         

        CLASS   BANK15         

        CLASS   BANK16         

        CLASS   BANK17         

        CLASS   BANK18         

        CLASS   BANK19         

        CLASS   BANK20         

        CLASS   BANK21         

        CLASS   BANK22         

        CLASS   BANK23         

        CLASS   BANK24         

        CLASS   BANK25         

        CLASS   BIGRAM         

        CLASS   RAM            

        CLASS   ABS1           
                abs_s1                               7E       7E        2         1

        CLASS   SFR0           

        CLASS   SFR1           

        CLASS   SFR2           

        CLASS   SFR3           

        CLASS   SFR4           

        CLASS   SFR5           

        CLASS   SFR6           

        CLASS   SFR7           

        CLASS   SFR8           

        CLASS   SFR9           

        CLASS   SFR10          

        CLASS   SFR11          

        CLASS   SFR12          

        CLASS   SFR13          

        CLASS   SFR14          

        CLASS   SFR15          

        CLASS   SFR16          

        CLASS   SFR17          

        CLASS   SFR18          

        CLASS   SFR19          

        CLASS   SFR20          

        CLASS   SFR21          

        CLASS   SFR22          

        CLASS   SFR23          

        CLASS   SFR24          

        CLASS   SFR25          

        CLASS   SFR26          

        CLASS   SFR27          

        CLASS   SFR28          

        CLASS   SFR29          

        CLASS   SFR30          

        CLASS   SFR31          

        CLASS   CONFIG         
                config                             8007     8007        2         4

        CLASS   IDLOC          

        CLASS   BANK31         

        CLASS   BANK30         

        CLASS   BANK29         

        CLASS   BANK28         

        CLASS   BANK27         

        CLASS   BANK26         

        CLASS   HEAP           

        CLASS   STACK          

        CLASS   EEDATA         



SEGMENTS        Name                           Load    Length   Top    Selector   Space  Class     Delta

                text43                         000E24  000014  000E38      1C48       0  CODE        2
                reset_vec                      000000  000003  000003         0       0  CODE        2
                text40                         000E38  000014  000E4C      1C70       0  CODE        2
                text10                         000E12  000012  000E24      1C24       0  CODE        2
                text44                         000E00  000012  000E12      1C00       0  CODE        2
                text23                         000E4C  000015  000E61      1C98       0  CODE        2
                text22                         000E61  000017  000E78      1CC2       0  CODE        2
                text24                         000DEF  000011  000E00      1BDE       0  CODE        2
                text36                         000DDE  000011  000DEF      1BBC       0  CODE        2
                text39                         000E8F  00001D  000EAC      1D1E       0  CODE        2
                text12                         000E78  000017  000E8F      1CF0       0  CODE        2
                stringtext1                    001000  00001C  00101C      2000       0  STRCODE     2
                text16                         000DC5  00000B  000DD0      1B8A       0  CODE        2
                text41                         000DBB  00000A  000DC5      1B76       0  CODE        2
                text45                         000DD0  00000E  000DDE      1BA0       0  CODE        2
                text42                         000EAC  00001E  000ECA      1D58       0  CODE        2
                text6                          000F49  000022  000F6B      1E92       0  CODE        2
                text18                         000F28  000021  000F49      1E50       0  CODE        2
                text11                         000EE9  00001F  000F08      1DD2       0  CODE        2
                text14                         000ECA  00001F  000EE9      1D94       0  CODE        2
                text2                          000F08  000020  000F28      1E10       0  CODE        2
                text19                         000DB4  000007  000DBB      1B68       0  CODE        2
                text20                         000DA3  000005  000DA8      1B46       0  CODE        2
                idataBANK1                     000D9F  000004  000DA3      1B3E       0  CODE        2
                text15                         000D9B  000004  000D9F      1B36       0  CODE        2
                text9                          000003  000001  000004         6       0  CODE        2
                clrtext                        000DAE  000006  000DB4      1B5C       0  CODE        2
                text25                         000DA8  000006  000DAE      1B50       0  CODE        2
                cstackBANK0                    000020  00004E  00006E        20       1  BANK0       1
                intentry                       000004  0007FC  000800         8       0  CODE        2
                cstackBANK1                    0000A0  000046  0000E6        A0       1  BANK1       1
                cstackCOMMON                   000070  00000E  00007E        70       1  COMMON      1
                text32                         000FB1  000024  000FD5      1F62       0  CODE        2
                text5                          000F8E  000023  000FB1      1F1C       0  CODE        2
                text31                         000F6B  000023  000F8E      1ED6       0  CODE        2
                text26                         000FD5  00002B  001000      1FAA       0  CODE        2


UNUSED ADDRESS RANGES

        Name                Unused          Largest block    Delta
        BANK0            0006E-0006F               2           1
        BANK1            000E6-000EF               A           1
        BANK10           00520-0056F              50           1
        BANK11           005A0-005EF              50           1
        BANK12           00620-0066F              50           1
        BANK13           006A0-006EF              50           1
        BANK14           00720-0076F              50           1
        BANK15           007A0-007EF              50           1
        BANK16           00820-0086F              50           1
        BANK17           008A0-008EF              50           1
        BANK18           00920-0096F              50           1
        BANK19           009A0-009EF              50           1
        BANK2            00120-0016F              50           1
        BANK20           00A20-00A6F              50           1
        BANK21           00AA0-00AEF              50           1
        BANK22           00B20-00B6F              50           1
        BANK23           00BA0-00BEF              50           1
        BANK24           00C20-00C6F              50           1
        BANK25           00CA0-00CBF              20           1
        BANK3            001A0-001EF              50           1
        BANK4            00220-0026F              50           1
        BANK5            002A0-002EF              50           1
        BANK6            00320-0036F              50           1
        BANK7            003A0-003EF              50           1
        BANK8            00420-0046F              50           1
        BANK9            004A0-004EF              50           1
        BIGRAM           02000-027EF             7F0           1
        CODE             00800-00D9A             59B           2
                         0101C-03FFF             800
        CONST            00800-00D9A             100           2
                         0101C-03FFF             100
        ENTRY            00800-00D9A             100           2
                         0101C-03FFF             100
        IDLOC            08000-08003               4           2
        RAM              0006E-0006F               2           1
                         000E6-000EF               A
                         00120-0016F              50
                         001A0-001EF              50
                         00220-0026F              50
                         002A0-002EF              50
                         00320-0036F              50
                         003A0-003EF              50
                         00420-0046F              50
                         004A0-004EF              50
                         00520-0056F              50
                         005A0-005EF              50
                         00620-0066F              50
                         006A0-006EF              50
                         00720-0076F              50
                         007A0-007EF              50
                         00820-0086F              50
                         008A0-008EF              50
                         00920-0096F              50
                         009A0-009EF              50
                         00A20-00A6F              50
                         00AA0-00AEF              50
                         00B20-00B6F              50
                         00BA0-00BEF              50
                         00C20-00C6F              50
                         00CA0-00CBF              20
        SFR0             00000-0001F              20           1
        SFR1             00080-0009F              20           1
        SFR10            00500-0051F              20           1
        SFR11            00580-0059F              20           1
        SFR12            00600-0061F              20           1
        SFR13            00680-0069F              20           1
        SFR14            00700-0071F              20           1
        SFR15            00780-0079F              20           1
        SFR16            00800-0081F              20           1
        SFR17            00880-0089F              20           1
        SFR18            00900-0091F              20           1
        SFR19            00980-0099F              20           1
        SFR2             00100-0011F              20           1
        SFR20            00A00-00A1F              20           1
        SFR21            00A80-00A9F              20           1
        SFR22            00B00-00B1F              20           1
        SFR23            00B80-00B9F              20           1
        SFR24            00C00-00C1F              20           1
        SFR25            00C80-00C9F              20           1
        SFR26            00D00-00D6F              70           1
        SFR27            00D80-00DEF              70           1
        SFR28            00E00-00E6F              70           1
        SFR29            00E80-00EEF              70           1
        SFR3             00180-0019F              20           1
        SFR30            00F00-00F6F              70           1
        SFR31            00F80-00FEF              70           1
        SFR4             00200-0021F              20           1
        SFR5             00280-0029F              20           1
        SFR6             00300-0031F              20           1
        SFR7             00380-0039F              20           1
        SFR8             00400-0041F              20           1
        SFR9             00480-0049F              20           1
        STRCODE          00800-00D9A             59B           2
                         0101C-03FFF            2FE4
        STRING           00800-00D9A             100           2
                         0101C-03FFF             100

                                  Symbol Table

?___awdiv                          cstackBANK1  000A0
?___awmod                          cstackBANK1  000A0
?___lwdiv                          cstackBANK1  000A6
?___wmul                           cstackBANK1  000A0
?_abs                              cstackBANK1  000A7
?_cesar                            cstackCOMMON 00070
?_sprintf                          cstackBANK1  000C3
?_vfpfcnvrt                        cstackBANK1  000AB
?_vfprintf                         cstackBANK1  000BC
?i1___awdiv                        cstackCOMMON 00070
?i1___awmod                        cstackCOMMON 00070
?i1_abs                            cstackCOMMON 00077
?i1_sprintf                        cstackBANK0  00035
?i1_vfpfcnvrt                      cstackCOMMON 0007B
?i1_vfprintf                       cstackBANK0  0002F
LCD_GoTo@column                    cstackBANK1  000A4
LCD_GoTo@pos                       cstackBANK1  000A7
LCD_GoTo@row                       cstackBANK1  000A8
LCD_WriteByte@data                 cstackBANK1  000A3
LCD_WriteCommand@cmd               cstackBANK1  000A3
LCD_WriteIOExpander@data           cstackBANK1  000A1
LCD_WriteIOExpander@reg            cstackBANK1  000A2
LCD_WriteString@data               cstackBANK1  000A6
LCD_WriteString@i                  cstackBANK1  000A5
SPI_Exchange8bit@data              cstackBANK1  000A0
_ADCON0bits                        (abs)        0009D
_ADCON1bits                        (abs)        0009E
_ADRESH                            (abs)        0009C
_ADRESL                            (abs)        0009B
_ANSELAbits                        (abs)        0018C
_ANSELBbits                        (abs)        0018D
_ANSELCbits                        (abs)        0018E
_BAUD1CONbits                      (abs)        0019F
_Chiffrement                       bssBANK1     000DF
_INTCONbits                        (abs)        0000B
_INTEDG                            (abs)        004AE
_INTF                              (abs)        00059
_LATAbits                          (abs)        0010C
_LATCbits                          (abs)        0010E
_LCD_Clear                         text13       007F5
_LCD_GoTo                          text14       00ECA
_LCD_GoTo$119                      cstackBANK1  000A5
_LCD_Initialize                    text21       00421
_LCD_InitializePins                text20       00DA3
_LCD_WriteByte                     text12       00E78
_LCD_WriteCommand                  text22       00E61
_LCD_WriteIOExpander               text23       00E4C
_LCD_WriteString                   text11       00EE9
_PIE1bits                          (abs)        00091
_PIR1bits                          (abs)        00011
_RC1REG                            (abs)        00199
_RC1STAbits                        (abs)        0019D
_RC3PPSbits                        (abs)        00EA3
_RC5PPSbits                        (abs)        00EA5
_RC6PPSbits                        (abs)        00EA6
_RXPPSbits                         (abs)        00E24
_SP1BRGHbits                       (abs)        0019C
_SP1BRGLbits                       (abs)        0019B
_SPI_Exchange8bit                  text24       00DEF
_SPI_Initialize                    text19       00DB4
_SPI_InitializePins                text18       00F28
_SSP1ADD                           (abs)        00212
_SSP1BUF                           (abs)        00211
_SSP1CON1                          (abs)        00215
_SSP1CON1bits                      (abs)        00215
_SSP1STAT                          (abs)        00214
_SSP1STATbits                      (abs)        00214
_SSPCLKPPSbits                     (abs)        00E20
_SSPDATPPSbits                     (abs)        00E21
_String                            dataBANK1    000E3
_TRISAbits                         (abs)        0008C
_TRISBbits                         (abs)        0008D
_TRISCbits                         (abs)        0008E
_TX1REG                            (abs)        0019A
_TX1STAbits                        (abs)        0019E
__H__absolute__                    __absolute__ 00000
__Habs1                            abs1         00000
__Hbank0                           bank0        00000
__Hbank1                           bank1        00000
__Hbank10                          bank10       00000
__Hbank11                          bank11       00000
__Hbank12                          bank12       00000
__Hbank13                          bank13       00000
__Hbank14                          bank14       00000
__Hbank15                          bank15       00000
__Hbank16                          bank16       00000
__Hbank17                          bank17       00000
__Hbank18                          bank18       00000
__Hbank19                          bank19       00000
__Hbank2                           bank2        00000
__Hbank20                          bank20       00000
__Hbank21                          bank21       00000
__Hbank22                          bank22       00000
__Hbank23                          bank23       00000
__Hbank24                          bank24       00000
__Hbank25                          bank25       00000
__Hbank26                          bank26       00000
__Hbank27                          bank27       00000
__Hbank28                          bank28       00000
__Hbank29                          bank29       00000
__Hbank3                           bank3        00000
__Hbank30                          bank30       00000
__Hbank31                          bank31       00000
__Hbank4                           bank4        00000
__Hbank5                           bank5        00000
__Hbank6                           bank6        00000
__Hbank7                           bank7        00000
__Hbank8                           bank8        00000
__Hbank9                           bank9        00000
__Hbigram                          bigram       00000
__HbssBANK0                        bssBANK0     00000
__HbssBANK1                        bssBANK1     00000
__Hcinit                           cinit        00095
__Hclrtext                         clrtext      00000
__Hcode                            code         00000
__Hcommon                          common       00000
__Hconfig                          config       08009
__HcstackBANK0                     cstackBANK0  00000
__HcstackBANK1                     cstackBANK1  00000
__HcstackCOMMON                    cstackCOMMON 00000
__HdataBANK1                       dataBANK1    00000
__Heeprom_data                     eeprom_data  00000
__Hend_init                        end_init     00070
__Hfunctab                         functab      00000
__Hheap                            heap         00000
__HidataBANK1                      idataBANK1   00000
__Hinit                            init         0006E
__Hintentry                        intentry     0006E
__Hmaintext                        maintext     00000
__Hpowerup                         powerup      00000
__Hram                             ram          00000
__Hreset_vec                       reset_vec    00002
__Hsfr0                            sfr0         00000
__Hsfr1                            sfr1         00000
__Hsfr10                           sfr10        00000
__Hsfr11                           sfr11        00000
__Hsfr12                           sfr12        00000
__Hsfr13                           sfr13        00000
__Hsfr14                           sfr14        00000
__Hsfr15                           sfr15        00000
__Hsfr16                           sfr16        00000
__Hsfr17                           sfr17        00000
__Hsfr18                           sfr18        00000
__Hsfr19                           sfr19        00000
__Hsfr2                            sfr2         00000
__Hsfr20                           sfr20        00000
__Hsfr21                           sfr21        00000
__Hsfr22                           sfr22        00000
__Hsfr23                           sfr23        00000
__Hsfr24                           sfr24        00000
__Hsfr25                           sfr25        00000
__Hsfr26                           sfr26        00000
__Hsfr27                           sfr27        00000
__Hsfr28                           sfr28        00000
__Hsfr29                           sfr29        00000
__Hsfr3                            sfr3         00000
__Hsfr30                           sfr30        00000
__Hsfr31                           sfr31        00000
__Hsfr4                            sfr4         00000
__Hsfr5                            sfr5         00000
__Hsfr6                            sfr6         00000
__Hsfr7                            sfr7         00000
__Hsfr8                            sfr8         00000
__Hsfr9                            sfr9         00000
__Hspace_0                         (abs)        0101C
__Hspace_1                         (abs)        000E6
__Hspace_2                         (abs)        00000
__Hspace_3                         (abs)        00000
__Hspace_4                         (abs)        10010
__Hstack                           stack        00000
__Hstrings                         strings      00000
__Hstringtext1                     stringtext1  00000
__Hstringtext2                     stringtext2  00000
__Hstringtext3                     stringtext3  00000
__Htext                            text         00000
__L__absolute__                    __absolute__ 00000
__Labs1                            abs1         00000
__Lbank0                           bank0        00000
__Lbank1                           bank1        00000
__Lbank10                          bank10       00000
__Lbank11                          bank11       00000
__Lbank12                          bank12       00000
__Lbank13                          bank13       00000
__Lbank14                          bank14       00000
__Lbank15                          bank15       00000
__Lbank16                          bank16       00000
__Lbank17                          bank17       00000
__Lbank18                          bank18       00000
__Lbank19                          bank19       00000
__Lbank2                           bank2        00000
__Lbank20                          bank20       00000
__Lbank21                          bank21       00000
__Lbank22                          bank22       00000
__Lbank23                          bank23       00000
__Lbank24                          bank24       00000
__Lbank25                          bank25       00000
__Lbank26                          bank26       00000
__Lbank27                          bank27       00000
__Lbank28                          bank28       00000
__Lbank29                          bank29       00000
__Lbank3                           bank3        00000
__Lbank30                          bank30       00000
__Lbank31                          bank31       00000
__Lbank4                           bank4        00000
__Lbank5                           bank5        00000
__Lbank6                           bank6        00000
__Lbank7                           bank7        00000
__Lbank8                           bank8        00000
__Lbank9                           bank9        00000
__Lbigram                          bigram       00000
__LbssBANK0                        bssBANK0     00000
__LbssBANK1                        bssBANK1     00000
__Lcinit                           cinit        00070
__Lclrtext                         clrtext      00000
__Lcode                            code         00000
__Lcommon                          common       00000
__Lconfig                          config       00000
__LcstackBANK0                     cstackBANK0  00000
__LcstackBANK1                     cstackBANK1  00000
__LcstackCOMMON                    cstackCOMMON 00000
__LdataBANK1                       dataBANK1    00000
__Leeprom_data                     eeprom_data  00000
__Lend_init                        end_init     0006E
__Lfunctab                         functab      00000
__Lheap                            heap         00000
__LidataBANK1                      idataBANK1   00000
__Linit                            init         0006E
__Lintentry                        intentry     00004
__Lmaintext                        maintext     00000
__Lpowerup                         powerup      00000
__Lram                             ram          00000
__Lreset_vec                       reset_vec    00000
__Lsfr0                            sfr0         00000
__Lsfr1                            sfr1         00000
__Lsfr10                           sfr10        00000
__Lsfr11                           sfr11        00000
__Lsfr12                           sfr12        00000
__Lsfr13                           sfr13        00000
__Lsfr14                           sfr14        00000
__Lsfr15                           sfr15        00000
__Lsfr16                           sfr16        00000
__Lsfr17                           sfr17        00000
__Lsfr18                           sfr18        00000
__Lsfr19                           sfr19        00000
__Lsfr2                            sfr2         00000
__Lsfr20                           sfr20        00000
__Lsfr21                           sfr21        00000
__Lsfr22                           sfr22        00000
__Lsfr23                           sfr23        00000
__Lsfr24                           sfr24        00000
__Lsfr25                           sfr25        00000
__Lsfr26                           sfr26        00000
__Lsfr27                           sfr27        00000
__Lsfr28                           sfr28        00000
__Lsfr29                           sfr29        00000
__Lsfr3                            sfr3         00000
__Lsfr30                           sfr30        00000
__Lsfr31                           sfr31        00000
__Lsfr4                            sfr4         00000
__Lsfr5                            sfr5         00000
__Lsfr6                            sfr6         00000
__Lsfr7                            sfr7         00000
__Lsfr8                            sfr8         00000
__Lsfr9                            sfr9         00000
__Lspace_0                         (abs)        00000
__Lspace_1                         (abs)        00000
__Lspace_2                         (abs)        00000
__Lspace_3                         (abs)        00000
__Lspace_4                         (abs)        00000
__Lstack                           stack        00000
__Lstrings                         strings      00000
__Lstringtext1                     stringtext1  00000
__Lstringtext2                     stringtext2  00000
__Lstringtext3                     stringtext3  00000
__Ltext                            text         00000
__S0                               (abs)        0101C
__S1                               (abs)        000E6
___awdiv                           text28       00483
___awdiv@counter                   cstackBANK1  000A5
___awdiv@dividend                  cstackBANK1  000A2
___awdiv@divisor                   cstackBANK1  000A0
___awdiv@quotient                  cstackBANK1  000A7
___awdiv@sign                      cstackBANK1  000A6
___awmod                           text27       00598
___awmod@counter                   cstackBANK1  000A5
___awmod@dividend                  cstackBANK1  000A2
___awmod@divisor                   cstackBANK1  000A0
___awmod@sign                      cstackBANK1  000A6
___heap_hi                         (abs)        00000
___heap_lo                         (abs)        00000
___int_sp                          stack        00000
___int_stack_hi                    stack        00000
___int_stack_lo                    stack        00000
___latbits                         (abs)        00003
___lwdiv                           text3        0075B
___lwdiv@counter                   cstackBANK1  000AD
___lwdiv@dividend                  cstackBANK1  000A8
___lwdiv@divisor                   cstackBANK1  000A6
___lwdiv@quotient                  cstackBANK1  000AB
___sp                              stack        00000
___stack_hi                        stack        00000
___stack_lo                        stack        00000
___stackhi                         (abs)        00000
___stacklo                         (abs)        00000
___wmul                            text2        00F08
___wmul@multiplicand               cstackBANK1  000A2
___wmul@multiplier                 cstackBANK1  000A0
___wmul@product                    cstackBANK1  000A4
__end_of_LCD_Clear                 text13       00800
__end_of_LCD_GoTo                  text14       00EE9
__end_of_LCD_Initialize            text21       00483
__end_of_LCD_InitializePins        text20       00DA8
__end_of_LCD_WriteByte             text12       00E8F
__end_of_LCD_WriteCommand          text22       00E78
__end_of_LCD_WriteIOExpander       text23       00E61
__end_of_LCD_WriteString           text11       00F08
__end_of_SPI_Exchange8bit          text24       00E00
__end_of_SPI_Initialize            text19       00DBB
__end_of_SPI_InitializePins        text18       00F49
__end_of___awdiv                   text28       004E3
__end_of___awmod                   text27       005EC
__end_of___lwdiv                   text3        00798
__end_of___wmul                    text2        00F28
__end_of__initialization           cinit        00091
__end_of_abs                       text10       00E24
__end_of_cesar                     text46       00421
__end_of_charToRien                text26       01000
__end_of_configurerInterruptBouton text25       00DAE
__end_of_fputc                     text8        00598
__end_of_init                      text17       007F5
__end_of_init_adc                  text16       00DD0
__end_of_init_pot                  text15       00D9F
__end_of_isr                       intentry     0006E
__end_of_lcd                       text4        0075B
__end_of_main                      maintext     006DA
__end_of_putch                     text9        00004
__end_of_setOffset                 text1        007C8
__end_of_sprintf                   text5        00FB1
__end_of_vfpfcnvrt                 text7        0033C
__end_of_vfprintf                  text6        00F6B
__end_ofi1_LCD_Clear               text41       00DC5
__end_ofi1_LCD_GoTo                text42       00ECA
__end_ofi1_LCD_WriteByte           text40       00E4C
__end_ofi1_LCD_WriteCommand        text43       00E38
__end_ofi1_LCD_WriteIOExpander     text44       00E12
__end_ofi1_LCD_WriteString         text39       00EAC
__end_ofi1_SPI_Exchange8bit        text45       00DDE
__end_ofi1___awdiv                 text38       00542
__end_ofi1___awmod                 text37       00693
__end_ofi1_abs                     text36       00DEF
__end_ofi1_fputc                   text34       00640
__end_ofi1_lcd                     text30       0071D
__end_ofi1_putch                   text35       00003
__end_ofi1_sprintf                 text31       00F8E
__end_ofi1_vfpfcnvrt               text33       001E9
__end_ofi1_vfprintf                text32       00FD5
__initialization                   cinit        00070
__pbssBANK0                        bssBANK0     0004E
__pbssBANK1                        bssBANK1     000D9
__pcstackBANK0                     cstackBANK0  00020
__pcstackBANK1                     cstackBANK1  000A0
__pcstackCOMMON                    cstackCOMMON 00070
__pdataBANK1                       dataBANK1    000E2
__pidataBANK1                      idataBANK1   00D9F
__pintentry                        intentry     00004
__pmaintext                        maintext     00693
__pstringtext1                     stringtext1  01000
__pstringtext2                     stringtext2  0100F
__pstringtext3                     stringtext3  00000
__ptext1                           text1        00798
__ptext10                          text10       00E12
__ptext11                          text11       00EE9
__ptext12                          text12       00E78
__ptext13                          text13       007F5
__ptext14                          text14       00ECA
__ptext15                          text15       00D9B
__ptext16                          text16       00DC5
__ptext17                          text17       007C8
__ptext18                          text18       00F28
__ptext19                          text19       00DB4
__ptext2                           text2        00F08
__ptext20                          text20       00DA3
__ptext21                          text21       00421
__ptext22                          text22       00E61
__ptext23                          text23       00E4C
__ptext24                          text24       00DEF
__ptext25                          text25       00DA8
__ptext26                          text26       00FD5
__ptext27                          text27       00598
__ptext28                          text28       00483
__ptext3                           text3        0075B
__ptext30                          text30       006DA
__ptext31                          text31       00F6B
__ptext32                          text32       00FB1
__ptext33                          text33       00095
__ptext34                          text34       005EC
__ptext35                          text35       00002
__ptext36                          text36       00DDE
__ptext37                          text37       00640
__ptext38                          text38       004E3
__ptext39                          text39       00E8F
__ptext4                           text4        0071D
__ptext40                          text40       00E38
__ptext41                          text41       00DBB
__ptext42                          text42       00EAC
__ptext43                          text43       00E24
__ptext44                          text44       00E00
__ptext45                          text45       00DD0
__ptext46                          text46       0033C
__ptext5                           text5        00F8E
__ptext6                           text6        00F49
__ptext7                           text7        001E9
__ptext8                           text8        00542
__ptext9                           text9        00003
_abs                               text10       00E12
_cesar                             text46       0033C
_charToRien                        text26       00FD5
_configurerInterruptBouton         text25       00DA8
_dbuf                              bssBANK0     0004E
_flags                             bssBANK1     000E1
_fputc                             text8        00542
_init                              text17       007C8
_init_adc                          text16       00DC5
_init_pot                          text15       00D9B
_isr                               intentry     00004
_lcd                               text4        0071D
_main                              maintext     00693
_nout                              bssBANK1     000D9
_offset                            dataBANK1    000E2
_prec                              bssBANK1     000DD
_putch                             text9        00003
_setOffset                         text1        00798
_sprintf                           text5        00F8E
_vfpfcnvrt                         text7        001E9
_vfprintf                          text6        00F49
_width                             bssBANK1     000DB
abs@a                              cstackBANK1  000A7
btemp                              (abs)        0007E
cesar@offsetBis                    cstackCOMMON 00072
cesar@renvoi                       cstackCOMMON 00079
cesar@value                        cstackCOMMON 00070
charToRien@dizaines                cstackBANK1  000AC
charToRien@nombre                  cstackBANK1  000AD
charToRien@unite                   cstackBANK1  000AB
clear_ram0                         clrtext      00DAE
end_of_initialization              cinit        00091
fputc@c                            cstackBANK1  000A0
fputc@fp                           cstackBANK1  000A2
i1LCD_GoTo@column                  cstackCOMMON 00074
i1LCD_GoTo@pos                     cstackCOMMON 00077
i1LCD_GoTo@row                     cstackCOMMON 00078
i1LCD_WriteByte@data               cstackCOMMON 00073
i1LCD_WriteCommand@cmd             cstackCOMMON 00073
i1LCD_WriteIOExpander@data         cstackCOMMON 00071
i1LCD_WriteIOExpander@reg          cstackCOMMON 00072
i1LCD_WriteString@data             cstackCOMMON 00075
i1LCD_WriteString@i                cstackCOMMON 00076
i1SPI_Exchange8bit@data            cstackCOMMON 00070
i1_LCD_Clear                       text41       00DBB
i1_LCD_GoTo                        text42       00EAC
i1_LCD_GoTo$119                    cstackCOMMON 00075
i1_LCD_WriteByte                   text40       00E38
i1_LCD_WriteCommand                text43       00E24
i1_LCD_WriteIOExpander             text44       00E00
i1_LCD_WriteString                 text39       00E8F
i1_SPI_Exchange8bit                text45       00DD0
i1___awdiv                         text38       004E3
i1___awdiv@counter                 cstackCOMMON 00075
i1___awdiv@dividend                cstackCOMMON 00072
i1___awdiv@divisor                 cstackCOMMON 00070
i1___awdiv@quotient                cstackCOMMON 00077
i1___awdiv@sign                    cstackCOMMON 00076
i1___awmod                         text37       00640
i1___awmod@counter                 cstackCOMMON 00075
i1___awmod@dividend                cstackCOMMON 00072
i1___awmod@divisor                 cstackCOMMON 00070
i1___awmod@sign                    cstackCOMMON 00076
i1_abs                             text36       00DDE
i1_fputc                           text34       005EC
i1_lcd                             text30       006DA
i1_putch                           text35       00002
i1_sprintf                         text31       00F6B
i1_vfpfcnvrt                       text33       00095
i1_vfprintf                        text32       00FB1
i1abs@a                            cstackCOMMON 00077
i1fputc@c                          cstackCOMMON 00070
i1fputc@fp                         cstackCOMMON 00072
i1sprintf@ap                       cstackBANK0  0003B
i1sprintf@f                        cstackBANK0  0003C
i1sprintf@fmt                      cstackBANK0  00037
i1sprintf@s                        cstackBANK0  00035
i1vfpfcnvrt@ap                     cstackCOMMON 0007C
i1vfpfcnvrt@c                      cstackBANK0  0002E
i1vfpfcnvrt@cnt                    cstackBANK0  00025
i1vfpfcnvrt@convarg                cstackBANK0  00028
i1vfpfcnvrt@cp                     cstackBANK0  0002C
i1vfpfcnvrt@done                   cstackBANK0  00024
i1vfpfcnvrt@fmt                    cstackCOMMON 0007B
i1vfpfcnvrt@fp                     cstackBANK0  00027
i1vfprintf@ap                      cstackBANK0  00031
i1vfprintf@cfmt                    cstackBANK0  00033
i1vfprintf@fmt                     cstackBANK0  0002F
i1vfprintf@fp                      cstackBANK0  00032
int$flags                          (abs)        0007E
intlevel0                          functab      00000
intlevel1                          functab      00000
intlevel2                          functab      00000
intlevel3                          functab      00000
intlevel4                          functab      00000
intlevel5                          functab      00000
isr@caractere                      cstackBANK0  0004D
reset_vec                          reset_vec    00000
setOffset@potar                    cstackBANK1  000D5
sprintf@ap                         cstackBANK1  000C9
sprintf@f                          cstackBANK1  000CA
sprintf@fmt                        cstackBANK1  000C5
sprintf@s                          cstackBANK1  000C3
start                              init         0006E
start_initialization               cinit        00070
vfpfcnvrt@ap                       cstackBANK1  000AC
vfpfcnvrt@c                        cstackBANK1  000BB
vfpfcnvrt@cnt                      cstackBANK1  000B2
vfpfcnvrt@convarg                  cstackBANK1  000B5
vfpfcnvrt@cp                       cstackBANK1  000B9
vfpfcnvrt@done                     cstackBANK1  000B1
vfpfcnvrt@fmt                      cstackBANK1  000AB
vfpfcnvrt@fp                       cstackBANK1  000B4
vfprintf@ap                        cstackBANK1  000BE
vfprintf@cfmt                      cstackBANK1  000C1
vfprintf@fmt                       cstackBANK1  000BC
vfprintf@fp                        cstackBANK1  000C0
wtemp0                             (abs)        0007E


MODULE INFORMATION

Module		Function		Class		Link	Load	Size
/Applications/microchip/xc8/v2.45/pic/sources/c99/common/nf_fputc.c
		_fputc         		CODE           	0542	0000	86

/Applications/microchip/xc8/v2.45/pic/sources/c99/common/nf_fputc.c estimated size: 86

/Applications/microchip/xc8/v2.45/pic/sources/c99/common/Umul16.c
		___wmul        		CODE           	0F08	0000	32

/Applications/microchip/xc8/v2.45/pic/sources/c99/common/Umul16.c estimated size: 32

/Applications/microchip/xc8/v2.45/pic/sources/c99/common/nf_sprintf.c
		_sprintf       		CODE           	0F8E	0000	35

/Applications/microchip/xc8/v2.45/pic/sources/c99/common/nf_sprintf.c estimated size: 35

../Ressources/spi.c
		_SPI_InitializePins		CODE           	0F28	0000	33
		_SPI_Exchange8bit		CODE           	0DEF	0000	17
		_SPI_Initialize		CODE           	0DB4	0000	7

../Ressources/spi.c estimated size: 57

/Applications/microchip/xc8/v2.45/pic/sources/c99/common/putch.c
		_putch         		CODE           	0003	0000	1

/Applications/microchip/xc8/v2.45/pic/sources/c99/common/putch.c estimated size: 1

/Applications/microchip/xc8/v2.45/pic/sources/c99/common/abs.c
		_abs           		CODE           	0E12	0000	18

/Applications/microchip/xc8/v2.45/pic/sources/c99/common/abs.c estimated size: 18

../Ressources/lcd.c
		_LCD_WriteIOExpander		CODE           	0E4C	0000	21
		_LCD_Initialize		CODE           	0421	0000	98
		_LCD_WriteString		CODE           	0EE9	0000	31
		_LCD_Clear     		CODE           	07F5	0000	11
		_LCD_GoTo      		CODE           	0ECA	0000	31
		_LCD_InitializePins		CODE           	0DA3	0000	5
		_LCD_WriteCommand		CODE           	0E61	0000	23
		_LCD_WriteByte 		CODE           	0E78	0000	23

../Ressources/lcd.c estimated size: 243

/Applications/microchip/xc8/v2.45/pic/sources/c99/common/awmod.c
		___awmod       		CODE           	0598	0000	84

/Applications/microchip/xc8/v2.45/pic/sources/c99/common/awmod.c estimated size: 84

/Applications/microchip/xc8/v2.45/pic/sources/c99/common/lwdiv.c
		___lwdiv       		CODE           	075B	0000	61

/Applications/microchip/xc8/v2.45/pic/sources/c99/common/lwdiv.c estimated size: 61

shared
		i1_vfpfcnvrt   		CODE           	0095	0000	340
		i1_lcd         		CODE           	06DA	0000	67
		i1_abs         		CODE           	0DDE	0000	17
		i1_LCD_WriteIOExpander		CODE           	0E00	0000	18
		i1_putch       		CODE           	0002	0000	1
		i1_LCD_WriteString		CODE           	0E8F	0000	29
		i1_LCD_Clear   		CODE           	0DBB	0000	10
		i1_vfprintf    		CODE           	0FB1	0000	36
		i1___awdiv     		CODE           	04E3	0000	95
		i1_LCD_WriteCommand		CODE           	0E24	0000	20
		i1_SPI_Exchange8bit		CODE           	0DD0	0000	14
		__initialization		CODE           	0070	0000	33
		i1_LCD_WriteByte		CODE           	0E38	0000	20
		i1___awmod     		CODE           	0640	0000	83
		i1_sprintf     		CODE           	0F6B	0000	35
		i1_fputc       		CODE           	05EC	0000	84
		i1_LCD_GoTo    		CODE           	0EAC	0000	30

shared estimated size: 932

/Applications/microchip/xc8/v2.45/pic/sources/c99/common/awdiv.c
		___awdiv       		CODE           	0483	0000	96

/Applications/microchip/xc8/v2.45/pic/sources/c99/common/awdiv.c estimated size: 96

/Applications/microchip/xc8/v2.45/pic/sources/c99/common/doprnt.c
		_vfpfcnvrt     		CODE           	01E9	0000	339
		_vfprintf      		CODE           	0F49	0000	34

/Applications/microchip/xc8/v2.45/pic/sources/c99/common/doprnt.c estimated size: 373

main.c
		_setOffset     		CODE           	0798	0000	48
		_init          		CODE           	07C8	0000	45
		_cesar         		CODE           	033C	0000	229
		_init_pot      		CODE           	0D9B	0000	4
		_main          		CODE           	0693	0000	71
		_charToRien    		CODE           	0FD5	0000	43
		_init_adc      		CODE           	0DC5	0000	11
		_isr           		CODE           	0004	0000	106
		_lcd           		CODE           	071D	0000	62
		_configurerInterruptBouton		CODE           	0DA8	0000	6

main.c estimated size: 625

